
?붴븧?먥븧?먥븧?먥븧?먥븧?먥븧?먥븧?먥븧?먥븧?먥븧?먥븧?먥븧?먥븧?먥븧?먥븧?먥븧?먥븧?먥븧?먥븧?먥븧?먥븧?먥븧?먥븧?먥븧?먥븧?먥븧?먥븮
?? ?μ냼 ?뺣낫 異붿텧 媛쒖꽑 ?ы빆 ?뚯뒪??                 ???? Phase 1-4 紐⑤몢 ?곸슜 寃利?                       ???싢븧?먥븧?먥븧?먥븧?먥븧?먥븧?먥븧?먥븧?먥븧?먥븧?먥븧?먥븧?먥븧?먥븧?먥븧?먥븧?먥븧?먥븧?먥븧?먥븧?먥븧?먥븧?먥븧?먥븧?먥븧?먥븧?먥븴

???먯빟移?1?묓솉? 移댄럹
   ?꾩떆: ??(湲곕?: ?쒖슱, ?ㅼ젣: ?쒖슱), 援?援? ??(湲곕?: 留덊룷, ?ㅼ젣: 留덊룷), ?좊ː?? ??(湲곕?: high, ?ㅼ젣: high), 異쒖쿂: alias_placeInfo, ???곴텒: ?띾???
???먯빟移?2?묐텇???ъ뒪??   ?꾩떆: ??(湲곕?: 寃쎄린, ?ㅼ젣: 寃쎄린), 援?援? ??(湲곕?: ?깅궓, ?ㅼ젣: ?깅궓), ?좊ː?? ??(湲곕?: high, ?ㅼ젣: high), 異쒖쿂: alias_placeInfo, ???곴텒: 遺꾨떦??
???먯빟移?3?묎컯?⑥뿭 ?쒖떇??   ?꾩떆: ??(湲곕?: ?쒖슱, ?ㅼ젣: ?쒖슱), 援?援? ??(湲곕?: 媛뺣궓, ?ㅼ젣: 媛뺣궓), ?좊ː?? ??(湲곕?: high, ?ㅼ젣: high), 異쒖쿂: alias_placeInfo, ???곴텒: 媛뺣궓??
???먯빟移?4?묒떊?щ룞 媛濡쒖닔湲?   ?꾩떆: ??(湲곕?: ?쒖슱, ?ㅼ젣: ?쒖슱), 援?援? ??(湲곕?: 媛뺣궓, ?ㅼ젣: 媛뺣궓), ?좊ː?? ??(湲곕?: high, ?ㅼ젣: high), 異쒖쿂: alias_placeInfo, ???곴텒: 媛뺣궓??
???먯빟移?5?묒꽌硫??앸떦
   ?꾩떆: ??(湲곕?: 遺?? ?ㅼ젣: 遺??, 援?援? ??(湲곕?: 遺?곗쭊, ?ㅼ젣: 遺?곗쭊), ?좊ː?? ??(湲곕?: high, ?ㅼ젣: high), 異쒖쿂: alias_placeInfo, ???곴텒: ?쒕㈃??
???먯빟移?6?묒뿬?섎룄 ?ㅽ뵾??   ?꾩떆: ??(湲곕?: ?쒖슱, ?ㅼ젣: ?쒖슱), 援?援? ??(湲곕?: ?곷벑?? ?ㅼ젣: ?곷벑??, ?좊ː?? ??(湲곕?: medium, ?ㅼ젣: high), 異쒖쿂: alias_placeInfo, ???곴텒: ?ъ쓽??
???먯빟移?7?묐챸???쇳븨
   ?꾩떆: ??(湲곕?: ?쒖슱, ?ㅼ젣: ?쒖슱), 援?援? ??(湲곕?: 醫낅줈, ?ㅼ젣: 醫낅줈), ?좊ː?? ??(湲곕?: medium, ?ㅼ젣: high), 異쒖쿂: alias_placeInfo, ???곴텒: 紐낅룞

???먯젙洹?1?묒넚?뚭뎄 ?좎떎
   ?꾩떆: ??(湲곕?: ?쒖슱, ?ㅼ젣: ?쒖슱), 援?援? ??(湲곕?: ?≫뙆, ?ㅼ젣: ?≫뙆), ?좊ː?? ??(湲곕?: high, ?ㅼ젣: high), 異쒖쿂: alias_placeInfo, ???곴텒: ?좎떎??
???먯젙洹?2?묐??곗쭊援??쒕㈃
   ?꾩떆: ??(湲곕?: 遺?? ?ㅼ젣: 遺??, 援?援? ??(湲곕?: 遺?곗쭊, ?ㅼ젣: 遺?곗쭊), ?좊ː?? ??(湲곕?: high, ?ㅼ젣: high), 異쒖쿂: alias_description, ???곴텒: ?쒕㈃??
???먯젙洹?3?묓빐?대?援??대?
   ?꾩떆: ??(湲곕?: 遺?? ?ㅼ젣: 遺??, 援?援? ??(湲곕?: ?댁슫?, ?ㅼ젣: ?댁슫?), ?좊ː?? ??(湲곕?: high, ?ㅼ젣: high), 異쒖쿂: alias_placeInfo, ???곴텒: ?댁슫???
???먮났??1?묎컯由됱뿭 而ㅽ뵾??   ?꾩떆: ??(湲곕?: 媛뺤썝, ?ㅼ젣: 媛뺤썝), 援?援? ??(湲곕?: 媛뺣쫱, ?ㅼ젣: 媛뺣쫱), ?좊ː?? ??(湲곕?: high, ?ㅼ젣: high), 異쒖쿂: alias_placeInfo, ???곴텒: 媛뺣쫱??
???먮났??2?묒씪?곗떊?꾩떆
   ?꾩떆: ??(湲곕?: 寃쎄린, ?ㅼ젣: 寃쎄린), 援?援? ??(湲곕?: 怨좎뼇, ?ㅼ젣: 怨좎뼇), ?좊ː?? ??(湲곕?: high, ?ㅼ젣: high), 異쒖쿂: alias_placeInfo, ???곴텒: ?쇱궛??
???먯텛媛-1?묒씤泥쒖뿭
   ?꾩떆: ??(湲곕?: ?몄쿇, ?ㅼ젣: ?몄쿇), 援?援? ??(湲곕?: 以묎뎄, ?ㅼ젣: 以묎뎄), ?좊ː?? ??(湲곕?: medium, ?ㅼ젣: high), 異쒖쿂: alias_placeInfo, ???곴텒: ?좎깮??
???먯텛媛-2?묐?援??숈꽦濡?   ?꾩떆: ??(湲곕?: ?援? ?ㅼ젣: ?援?, 援?援? ??(湲곕?: 以묎뎄, ?ㅼ젣: 以묎뎄), ?좊ː?? ??(湲곕?: high, ?ㅼ젣: high), 異쒖쿂: alias_placeInfo, ???곴텒: ?숈꽦濡?

?붴븧?먥븧?먥븧?먥븧?먥븧?먥븧?먥븧?먥븧?먥븧?먥븧?먥븧?먥븧?먥븧?먥븧?먥븧?먥븧?먥븧?먥븧?먥븧?먥븧?먥븧?먥븧?먥븧?먥븧?먥븧?먥븧?먥븮
?? ?뚯뒪??寃곌낵 ?붿빟                                ???싢븧?먥븧?먥븧?먥븧?먥븧?먥븧?먥븧?먥븧?먥븧?먥븧?먥븧?먥븧?먥븧?먥븧?먥븧?먥븧?먥븧?먥븧?먥븧?먥븧?먥븧?먥븧?먥븧?먥븧?먥븧?먥븧?먥븴

?뱤 ?꾩껜 ?듦낵?? 14/14 (100.0%)
?뵶 以묒슂 ?뚯뒪?? 5/5 (100.0%)

紐⑺몴: 85% ?댁긽 ?듦낵
??紐⑺몴 ?ъ꽦!

